# Test flatten optimization

/a(?:(?:(?:)))b/
    flatten, print
    /ab/

/a(?:(?:(?:b|c)))d/
    flatten, print
    /a(?:b|c)d/

/a(?:(?:(?:b)|(?:c)|d(?:)))e/
    flatten, print
    /a(?:b|c|d)e/

/(?:ab)(?:)(?:(?:))(?:cd)/
    flatten, print
    /abcd/

/a(?:(?s:(?^:.)(?ims:).))b./
    flatten, print
    /a.(?s).b(?-s)./

/(?:ab(?i)(?:c(?s:.))de)|(?i:f)(?-ims:g)/
    flatten, print
    /ab(?i)c(?s).de|f(?-i)g/

/(ab)(?n:(cd)(ef))(gh)/
    flatten, print
    /(ab)cdef(gh)/

# Remove empty alternatives

/(?:|||a||||b|c||d)/
    flatten, print
    /(?:|a||b|c||d)/

/(||||||)/
    flatten, print
    /()/
